// Jest Snapshot v1, https://goo.gl/fbAQLP

exports[`command line interface help menu is default fallback when no arguments 1`] = `
"Usage: swagger-jsdoc [options] <path ...>

Options:
  -V, --version                     output the version number
  -d, --definition <swaggerDef.js>  Input swagger definition.
  -o, --output [swaggerSpec.json]   Output swagger specification.
  -h, --help                        display help for command
"
`;

exports[`command line interface help menu works 1`] = `
"Usage: swagger-jsdoc [options] <path ...>

Options:
  -V, --version                     output the version number
  -d, --definition <swaggerDef.js>  Input swagger definition.
  -o, --output [swaggerSpec.json]   Output swagger specification.
  -h, --help                        display help for command
"
`;

exports[`command line interface should reject definition file with invalid JSON syntax 1`] = `
"Error while loading definition file 'test/files/v2/wrong_syntax.json':
Unexpected token t in JSON at position 18
"
`;

exports[`command line interface should reject definition file with invalid YAML syntax 1`] = `
"Error while loading definition file 'test/files/v2/wrong_syntax.yaml':
tag suffix cannot contain exclamation marks at line 2, column 5:
      !!!title: Hello World
        ^
"
`;

exports[`command line interface should reject definition file with non-JSON compatible YAML syntax 1`] = `
"Error while loading definition file 'test/files/v2/non_json_compatible.yaml':
unknown tag !<tag:yaml.org,2002:js/undefined> at line 3, column 3:
      version: 1.0.0
      ^
"
`;

exports[`command line interface should require a definition file 1`] = `
"Definition file is required.
You can do that, for example: 
$ swag-jsdoc -d swaggerDef.js wrongDefinition
Usage: swagger-jsdoc [options] <path ...>

Options:
  -V, --version                     output the version number
  -d, --definition <swaggerDef.js>  Input swagger definition.
  -o, --output [swaggerSpec.json]   Output swagger specification.
  -h, --help                        display help for command
"
`;

exports[`command line interface should require an info object in the definition 1`] = `
"Definition file should contain an info object!
More at http://swagger.io/specification/#infoObject
"
`;

exports[`command line interface should require arguments with jsDoc data about an API 1`] = `
"You must provide sources for reading API files.
Either add filenames as arguments, or add an \\"apis\\" key in your definitions file.
"
`;

exports[`command line interface should require title and version in the info object 1`] = `
"The title and version properties are required!
More at http://swagger.io/specification/#infoObject
"
`;
